Step 1: Importing from app.main...
env\Scripts\python.exe : Traceback (most recent call last):
所在位置 行:1 字符: 5
+ & { env\Scripts\python.exe test_import.py > test_output.txt 2>&1 } |  ...
+     ~~~~~~~~~~~~~~~~~~~~~~~~~~~~~~~~~~~~~~~~~~~~~~~~~~~~~~~~~~~~
    + CategoryInfo          : NotSpecified: (Traceback (most recent call last) 
   ::String) [], RemoteException
    + FullyQualifiedErrorId : NativeCommandError
 
  File "E:\CodeCompanion\backend\test_import.py", line 8, in <module>
    from app.main import app
  File "E:\CodeCompanion\backend\app\main.py", line 31, in <module>
    from .api.endpoints import router
  File "E:\CodeCompanion\backend\app\api\endpoints.py", line 21, in <module>
    from backend.app.core.agents import Coordinator
  File "E:\CodeCompanion\backend\app\..\..\backend\app\core\agents\__init__.py"
, line 2, in <module>
    from .evaluator import Evaluator
  File "E:\CodeCompanion\backend\app\..\..\backend\app\core\agents\evaluator.py
", line 1, in <module>
    from src.agents.evaluator import Evaluator
ModuleNotFoundError: No module named 'src'

During handling of the above exception, another exception occurred:

Traceback (most recent call last):
  File "E:\CodeCompanion\backend\test_import.py", line 23, in <module>
    print(f"\n\u274c Error occurred: {e}")
UnicodeEncodeError: 'gbk' codec can't encode character '\u274c' in position 2: 
illegal multibyte sequence
